[help.getkello.com/index.html]
[backblue.gif]
[fade.gif]
[index.html]
[d3eto7onm69fcz.cloudfront.net/assets/stylesheets/launch-1745955230907.css]
[d3eto7onm69fcz.cloudfront.net/assets/ico/touch-152.png]
[d33v4339jhl8k0.cloudfront.net/docs/assets/58cba81b2c7d3a79f5f8d1fa/images/591965132c7d3a057f891402/favicon-copy.png]
[help.getkello.com/article/40-creating-an-alarm-using-spotify-deezer-tidal-soundcloud-or-radio.html]
[help.getkello.com/article/57-i-dont-see-wi-fi-on-my-kello.html]
[help.getkello.com/article/28-when-connecting-my-kello-to-my-wi-fi-network-i-have-an-error.html]
[help.getkello.com/article/72-setup-my-kello-manually.html]
[help.getkello.com/article/68-how-to-enable-multicast-and-upnp-on-my-router.html]
[help.getkello.com/article/37-my-kello-is-completely-unresponsive.html]
[help.getkello.com/article/13-setting-up-your-kello.html]
[help.getkello.com/article/59-how-to-setup-kello-with-ifttt.html]
[help.getkello.com/article/50-how-to-hard-reset-kello.html]
[help.getkello.com/article/36-my-kello-always-displays-the-loading-bar.html]
[help.getkello.com/category/11-troubleshooting.html]
[help.getkello.com/category/9-using-kello.html]
[help.getkello.com/category/10-general-questions.html]
[help.getkello.com/index.html]
[d3eto7onm69fcz.cloudfront.net/assets/stylesheets/launch-1745955230907.css]
[d3eto7onm69fcz.cloudfront.net/assets/javascripts/app3.min.js]
[help.getkello.com/category/49-how-tos.html]
[d3eto7onm69fcz.cloudfront.net/assets/stylesheets/launch-1745974517567.css]
[d33v4339jhl8k0.cloudfront.net/docs/assets/58cba81b2c7d3a79f5f8d1fa/images/58d37ed3dd8c8e7f5974d0bb/file-zQOxiuGRsi.png]
[d33v4339jhl8k0.cloudfront.net/docs/assets/58cba81b2c7d3a79f5f8d1fa/images/58d37f082c7d3a79f5f8f442/file-VZPcaOW4uB.png]
[d33v4339jhl8k0.cloudfront.net/docs/assets/58cba81b2c7d3a79f5f8d1fa/images/592413182c7d3a074e8abb5d/file-ys4qFjTfWs.gif]
[d33v4339jhl8k0.cloudfront.net/docs/assets/58cba81b2c7d3a79f5f8d1fa/images/58d4926c2c7d3a79f5f8fc95/file-rbTDBWBSg8.gif]
[d33v4339jhl8k0.cloudfront.net/docs/assets/58cba81b2c7d3a79f5f8d1fa/images/58d492782c7d3a79f5f8fc96/file-GDj1PtR7a0.gif]
[d33v4339jhl8k0.cloudfront.net/docs/assets/58cba81b2c7d3a79f5f8d1fa/images/58d399c6dd8c8e7f5974d19d/file-4cwR8vINCk.png]
[help.getkello.com/article/40-creating-an-alarm-using-spotify-deezer-tidal-soundcloud-or-radio.html]
[d33v4339jhl8k0.cloudfront.net/docs/assets/58cba81b2c7d3a79f5f8d1fa/images/5912e00d0428634b4a3300a6/file-XGJdsARJKL.png]
[d33v4339jhl8k0.cloudfront.net/docs/assets/58cba81b2c7d3a79f5f8d1fa/images/592417792c7d3a074e8abb6e/file-hjizz4uxUM.png]
[d33v4339jhl8k0.cloudfront.net/docs/assets/58cba81b2c7d3a79f5f8d1fa/images/591935790428634b4a331f18/file-tfKnK6LPLF.png]
[d33v4339jhl8k0.cloudfront.net/docs/assets/58cba81b2c7d3a79f5f8d1fa/images/591ac3f40428634b4a332970/file-Vp5fvSfuJO.gif]
[help.getkello.com/article/57-i-dont-see-wi-fi-on-my-kello.html]
[d3eto7onm69fcz.cloudfront.net/assets/stylesheets/launch-1746000703768.css]
[d33v4339jhl8k0.cloudfront.net/docs/assets/58cba81b2c7d3a79f5f8d1fa/images/58ddd60cdd8c8e5c57310169/file-YE3JvZr7dQ.png]
[d33v4339jhl8k0.cloudfront.net/docs/assets/58cba81b2c7d3a79f5f8d1fa/images/591291f00428634b4a32ff73/file-VWqfV9QARL.png]
[d33v4339jhl8k0.cloudfront.net/docs/assets/58cba81b2c7d3a79f5f8d1fa/images/59129c970428634b4a32ff9f/file-nZ0GTpmBSe.gif]
[help.getkello.com/article/28-when-connecting-my-kello-to-my-wi-fi-network-i-have-an-error.html]
[d3eto7onm69fcz.cloudfront.net/assets/stylesheets/launch-1746007370267.css]
[d33v4339jhl8k0.cloudfront.net/docs/assets/58cba81b2c7d3a79f5f8d1fa/images/58d353df2c7d3a79f5f8f401/file-GN0oTtqE0s.gif]
[help.getkello.com/article/72-setup-my-kello-manually.html]
[d33v4339jhl8k0.cloudfront.net/inline/65654/90a35b18d0a54621e76494fdd8255176bc2f8430/2448c3e52df63bfed67e6cd0c861e711c8578a6c/f904cb9db1755076093fd47cd4512b1e.png]
[help.getkello.com/article/68-how-to-enable-multicast-and-upnp-on-my-router.html]
[help.getkello.com/article/37-my-kello-is-completely-unresponsive.html]
[help.getkello.com/article/13-setting-up-your-kello.html]
[help.getkello.com/article/59-how-to-setup-kello-with-ifttt.html]
[help.getkello.com/article/50-how-to-hard-reset-kello.html]
[help.getkello.com/article/36-my-kello-always-displays-the-loading-bar.html]
[help.getkello.com/category/11-troubleshooting.html]
[help.getkello.com/category/9-using-kello.html]
[help.getkello.com/category/10-general-questions.html]
[help.getkello.com/category/49-how-tos.html]
[d3eto7onm69fcz.cloudfront.net/assets/stylesheets/launch-1745974517567.css]
