[backblue.gif]
[fade.gif]
[index.html]
[help.getkello.com/index.html]
[d3eto7onm69fcz.cloudfront.net/assets/ico/touch-152.png]
[d33v4339jhl8k0.cloudfront.net/docs/assets/58cba81b2c7d3a79f5f8d1fa/images/591965132c7d3a057f891402/favicon-copy.png]
[d3eto7onm69fcz.cloudfront.net/assets/stylesheets/launch-1745955230907.css]
[help.getkello.com/article/40-creating-an-alarm-using-spotify-deezer-tidal-soundcloud-or-radio.html]
[d3eto7onm69fcz.cloudfront.net/assets/javascripts/app3.min.js]
[d33v4339jhl8k0.cloudfront.net/docs/assets/58cba81b2c7d3a79f5f8d1fa/images/58d37ed3dd8c8e7f5974d0bb/file-zQOxiuGRsi.png]
[d33v4339jhl8k0.cloudfront.net/docs/assets/58cba81b2c7d3a79f5f8d1fa/images/58d37f082c7d3a79f5f8f442/file-VZPcaOW4uB.png]
[d33v4339jhl8k0.cloudfront.net/docs/assets/58cba81b2c7d3a79f5f8d1fa/images/592413182c7d3a074e8abb5d/file-ys4qFjTfWs.gif]
[d33v4339jhl8k0.cloudfront.net/docs/assets/58cba81b2c7d3a79f5f8d1fa/images/58d4926c2c7d3a79f5f8fc95/file-rbTDBWBSg8.gif]
[help.getkello.com/article/57-i-dont-see-wi-fi-on-my-kello.html]
[d33v4339jhl8k0.cloudfront.net/docs/assets/58cba81b2c7d3a79f5f8d1fa/images/58d399c6dd8c8e7f5974d19d/file-4cwR8vINCk.png]
[d33v4339jhl8k0.cloudfront.net/docs/assets/58cba81b2c7d3a79f5f8d1fa/images/5912e00d0428634b4a3300a6/file-XGJdsARJKL.png]
[d33v4339jhl8k0.cloudfront.net/docs/assets/58cba81b2c7d3a79f5f8d1fa/images/592417792c7d3a074e8abb6e/file-hjizz4uxUM.png]
[d33v4339jhl8k0.cloudfront.net/docs/assets/58cba81b2c7d3a79f5f8d1fa/images/591935790428634b4a331f18/file-tfKnK6LPLF.png]
[d33v4339jhl8k0.cloudfront.net/docs/assets/58cba81b2c7d3a79f5f8d1fa/images/58ddd60cdd8c8e5c57310169/file-YE3JvZr7dQ.png]
[help.getkello.com/article/28-when-connecting-my-kello-to-my-wi-fi-network-i-have-an-error.html]
[help.getkello.com/article/72-setup-my-kello-manually.html]
[d33v4339jhl8k0.cloudfront.net/docs/assets/58cba81b2c7d3a79f5f8d1fa/images/591291f00428634b4a32ff73/file-VWqfV9QARL.png]
[d33v4339jhl8k0.cloudfront.net/docs/assets/58cba81b2c7d3a79f5f8d1fa/images/591ac3f40428634b4a332970/file-Vp5fvSfuJO.gif]
[d33v4339jhl8k0.cloudfront.net/docs/assets/58cba81b2c7d3a79f5f8d1fa/images/58d492782c7d3a79f5f8fc96/file-GDj1PtR7a0.gif]
[d33v4339jhl8k0.cloudfront.net/docs/assets/58cba81b2c7d3a79f5f8d1fa/images/58d353df2c7d3a79f5f8f401/file-GN0oTtqE0s.gif]
[d33v4339jhl8k0.cloudfront.net/docs/assets/58cba81b2c7d3a79f5f8d1fa/images/59129c970428634b4a32ff9f/file-nZ0GTpmBSe.gif]
[d33v4339jhl8k0.cloudfront.net/inline/65654/0568c49e9130d12fdc7959f42ffea2e234acfdbd/a0e7a7b7e51895612619bac46c3d546bca9ee62b/69f6eeb890769573087b06394be0643f.png]
[help.getkello.com/article/68-how-to-enable-multicast-and-upnp-on-my-router.html]
[help.getkello.com/article/getkello.com/contact.12.delayed]
[help.getkello.com/article/37-my-kello-is-completely-unresponsive.html]
[d33v4339jhl8k0.cloudfront.net/docs/assets/58cba81b2c7d3a79f5f8d1fa/images/58e37107dd8c8e5c57311927/file-FnmzOlx4o0.jpg]
[help.getkello.com/article/51-how-to-perform-an-emergency-usb-update.html]
[d33v4339jhl8k0.cloudfront.net/docs/assets/58cba81b2c7d3a79f5f8d1fa/images/58d34f3ddd8c8e7f5974d06b/file-Ddh8DWY1TK.jpg]
[d33v4339jhl8k0.cloudfront.net/docs/assets/58cba81b2c7d3a79f5f8d1fa/images/58d36e162c7d3a79f5f8f424/file-iHfN9N6iOu.gif]
[help.getkello.com/article/13-setting-up-your-kello.html]
[help.getkello.com/article/59-how-to-setup-kello-with-ifttt.html]
[d3eto7onm69fcz.cloudfront.net/assets/stylesheets/launch-1745938389514.css]
[d33v4339jhl8k0.cloudfront.net/docs/assets/58cba81b2c7d3a79f5f8d1fa/images/5912e11b0428634b4a3300ae/file-tEDbWHlnI2.png]
[d33v4339jhl8k0.cloudfront.net/docs/assets/58cba81b2c7d3a79f5f8d1fa/images/592413dd0428634b4a335bc9/file-b3yp0H6XNn.png]
[d33v4339jhl8k0.cloudfront.net/docs/assets/58cba81b2c7d3a79f5f8d1fa/images/596ee8fa2c7d3a73488b3747/file-x5cEyh8ChL.png]
[help.getkello.com/article/50-how-to-hard-reset-kello.html]
[d33v4339jhl8k0.cloudfront.net/docs/assets/58cba81b2c7d3a79f5f8d1fa/images/591973ef2c7d3a057f891440/file-PbfFhZzSy9.gif]
[help.getkello.com/article/36-my-kello-always-displays-the-loading-bar.html]
[help.getkello.com/article/53-change-the-wi-fi-network-of-your-kello.html]
[help.getkello.com/article/30-my-app-always-displays-looking-for-kello.html]
[help.getkello.com/article/55-the-time-on-my-kello-is-wrong.html]
[help.getkello.com/article/31-my-wi-fi-network-is-not-displayed-in-the-network-list.html]
[help.getkello.com/article/58-my-kello-displays-----bars.html]
[help.getkello.com/article/56-how-do-i-clean-my-kello.html]
[help.getkello.com/article/33-nothing-happens-when-an-alarm-rings-and-i-press-the-snooze-button.html]
[help.getkello.com/article/38-when-setting-up-an-alarm-with-a-spotify-playlist-i-get-an-error.html]
[help.getkello.com/article/73-my-phone-on-the-5ghz-wi-fi-network-does-not-see-kello.html]
[help.getkello.com/category/11-troubleshooting.html]
[help.getkello.com/article/32-the-screen-turns-off-randomly-on-my-kello.html]
[help.getkello.com/article/15-using-kello-buttons.html]
[help.getkello.com/article/61-can-i-setup-my-kello-using-my-computer.html]
[help.getkello.com/article/67-how-can-i-use-kello-with-spotify-connect.html]
[help.getkello.com/article/60-how-can-i-connect-kello-to-a-hidden-wi-fi-network.html]
[help.getkello.com/category/9-using-kello.html]
[help.getkello.com/article/71-how-can-i-change-the-name-of-my-kello.html]
[help.getkello.com/article/22-does-kello-have-batteries.html]
[help.getkello.com/article/18-using-kello-with-another-network.html]
[help.getkello.com/article/26-can-i-change-kellos-time.html]
[help.getkello.com/category/10-general-questions.html]
[help.getkello.com/category/49-how-tos.html]
[d3eto7onm69fcz.cloudfront.net/assets/fonts/helpscout-docs3.eot]
[d3eto7onm69fcz.cloudfront.net/assets/stylesheets/launch-1745974517567.css]
[d3eto7onm69fcz.cloudfront.net/assets/stylesheets/launch-1746000703768.css]
[d3eto7onm69fcz.cloudfront.net/assets/stylesheets/launch-1746007370267.css]
[help.getkello.com/article/getkello.com/contact.html]
[d33v4339jhl8k0.cloudfront.net/inline/65654/90a35b18d0a54621e76494fdd8255176bc2f8430/2448c3e52df63bfed67e6cd0c861e711c8578a6c/f904cb9db1755076093fd47cd4512b1e.png]
[d33v4339jhl8k0.cloudfront.net/docs/assets/58cba81b2c7d3a79f5f8d1fa/images/5912e2130428634b4a3300bc/file-s3o9tCxaQo.png]
[help.getkello.com/article/27-does-kello-support-displaying-the-time-in-the-12h-24h-format.html]
[d33v4339jhl8k0.cloudfront.net/docs/assets/58cba81b2c7d3a79f5f8d1fa/images/591935670428634b4a331f17/file-W8er2DwavQ.png]
[d33v4339jhl8k0.cloudfront.net/docs/assets/58cba81b2c7d3a79f5f8d1fa/images/591935852c7d3a057f89135f/file-f6fkZGNaxu.gif]
[help.getkello.com/article/51-how-to-perform-an-emergency-usb-update.html]
[d3eto7onm69fcz.cloudfront.net/assets/stylesheets/launch-1745938389514.css]
[d3eto7onm69fcz.cloudfront.net/assets/stylesheets/launch-1745956758573.css]
[d33v4339jhl8k0.cloudfront.net/docs/assets/58cba81b2c7d3a79f5f8d1fa/images/591ac4510428634b4a332972/file-53Xddes810.png]
[help.getkello.com/article/53-change-the-wi-fi-network-of-your-kello.html]
[help.getkello.com/article/30-my-app-always-displays-looking-for-kello.html]
[help.getkello.com/article/55-the-time-on-my-kello-is-wrong.html]
[d33v4339jhl8k0.cloudfront.net/docs/assets/58cba81b2c7d3a79f5f8d1fa/images/5912a0960428634b4a32ffab/file-r0C6DgBX0v.png]
[help.getkello.com/article/31-my-wi-fi-network-is-not-displayed-in-the-network-list.html]
[d33v4339jhl8k0.cloudfront.net/docs/assets/58cba81b2c7d3a79f5f8d1fa/images/5964f53c0428637ff8d48b7f/file-uCrhrc4IG7.png]
[help.getkello.com/article/58-my-kello-displays-----bars.html]
[help.getkello.com/article/56-how-do-i-clean-my-kello.html]
[d33v4339jhl8k0.cloudfront.net/docs/assets/58cba81b2c7d3a79f5f8d1fa/images/59196e0c2c7d3a057f891424/file-HKDmIXadp1.gif]
[d33v4339jhl8k0.cloudfront.net/docs/assets/58cba81b2c7d3a79f5f8d1fa/images/59196f432c7d3a057f891427/file-LHE60La2Ba.png]
[help.getkello.com/article/33-nothing-happens-when-an-alarm-rings-and-i-press-the-snooze-button.html]
[d33v4339jhl8k0.cloudfront.net/docs/assets/58cba81b2c7d3a79f5f8d1fa/images/59196a8f0428634b4a331fce/file-sSCv4AH0oQ.png]
[help.getkello.com/article/38-when-setting-up-an-alarm-with-a-spotify-playlist-i-get-an-error.html]
[help.getkello.com/article/73-my-phone-on-the-5ghz-wi-fi-network-does-not-see-kello.html]
[d33v4339jhl8k0.cloudfront.net/docs/assets/58cba81b2c7d3a79f5f8d1fa/images/59196a190428634b4a331fca/file-4ubbenFUcY.png]
[help.getkello.com/article/32-the-screen-turns-off-randomly-on-my-kello.html]
[d33v4339jhl8k0.cloudfront.net/docs/assets/58cba81b2c7d3a79f5f8d1fa/images/58d89bbb2c7d3a79f5f908a4/file-8YpjsSfVAT.gif]
[d33v4339jhl8k0.cloudfront.net/docs/assets/58cba81b2c7d3a79f5f8d1fa/images/58d4e2ee2c7d3a79f5f8fd69/file-pPhFbIg8gc.png]
[d33v4339jhl8k0.cloudfront.net/docs/assets/58cba81b2c7d3a79f5f8d1fa/images/58d4e31b2c7d3a79f5f8fd6f/file-CK6pKzgjLX.png]
[d33v4339jhl8k0.cloudfront.net/docs/assets/58cba81b2c7d3a79f5f8d1fa/images/58d4e324dd8c8e7f5974da00/file-BGBKGy4DDf.png]
[d33v4339jhl8k0.cloudfront.net/docs/assets/58cba81b2c7d3a79f5f8d1fa/images/58d899eddd8c8e7f5974e5cc/file-HCMb3YFSiR.png]
[d33v4339jhl8k0.cloudfront.net/docs/assets/58cba81b2c7d3a79f5f8d1fa/images/58d899f5dd8c8e7f5974e5ce/file-u9XJkIR4tQ.png]
[d33v4339jhl8k0.cloudfront.net/docs/assets/58cba81b2c7d3a79f5f8d1fa/images/58d4def7dd8c8e7f5974d9e1/file-KvPf0rVtW4.png]
[d33v4339jhl8k0.cloudfront.net/docs/assets/58cba81b2c7d3a79f5f8d1fa/images/58d8998edd8c8e7f5974e5c9/file-C3lo1bivE4.png]
[d33v4339jhl8k0.cloudfront.net/docs/assets/58cba81b2c7d3a79f5f8d1fa/images/58d8973f2c7d3a79f5f9088b/file-DmLvJitVkA.png]
[d33v4339jhl8k0.cloudfront.net/docs/assets/58cba81b2c7d3a79f5f8d1fa/images/58d89271dd8c8e7f5974e5a1/file-scBIFKV77q.png]
[d33v4339jhl8k0.cloudfront.net/docs/assets/58cba81b2c7d3a79f5f8d1fa/images/58d4ec7a2c7d3a79f5f8fd98/file-rLX4OeZd7R.png]
[d33v4339jhl8k0.cloudfront.net/docs/assets/58cba81b2c7d3a79f5f8d1fa/images/58d8950e2c7d3a79f5f9087a/file-IH9rMa19Le.png]
[d33v4339jhl8k0.cloudfront.net/docs/assets/58cba81b2c7d3a79f5f8d1fa/images/58d895182c7d3a79f5f9087b/file-eEfOGtRtNg.png]
[d33v4339jhl8k0.cloudfront.net/docs/assets/58cba81b2c7d3a79f5f8d1fa/images/58d895f3dd8c8e7f5974e5b0/file-33S70WrwoQ.png]
[help.getkello.com/article/15-using-kello-buttons.html]
[help.getkello.com/article/61-can-i-setup-my-kello-using-my-computer.html]
[d33v4339jhl8k0.cloudfront.net/docs/assets/58cba81b2c7d3a79f5f8d1fa/images/5977f845042863033a1b62d6/file-2rChN3i329.png]
[d33v4339jhl8k0.cloudfront.net/docs/assets/58cba81b2c7d3a79f5f8d1fa/images/5977f860042863033a1b62d7/file-4Ab09c7U1y.png]
[help.getkello.com/article/67-how-can-i-use-kello-with-spotify-connect.html]
[help.getkello.com/article/60-how-can-i-connect-kello-to-a-hidden-wi-fi-network.html]
[d33v4339jhl8k0.cloudfront.net/inline/65654/99e2de209185c1bfe265f0c9fdcd627f285d4e1e/22ac0daa9989a546415e5225ff349dd2b96da44b/22eca75eb879fc07ebb8e50d40eb6598.png]
[help.getkello.com/article/71-how-can-i-change-the-name-of-my-kello.html]
[help.getkello.com/article/22-does-kello-have-batteries.html]
[d33v4339jhl8k0.cloudfront.net/docs/assets/58cba81b2c7d3a79f5f8d1fa/images/58e372a62c7d3a52b42f2ecb/file-ihvVL0tzIx.png]
[help.getkello.com/article/18-using-kello-with-another-network.html]
[help.getkello.com/article/26-can-i-change-kellos-time.html]
[d33v4339jhl8k0.cloudfront.net/docs/assets/58cba81b2c7d3a79f5f8d1fa/images/58e36d4f2c7d3a52b42f2e99/file-s0uMzjS13y.gif]
[d33v4339jhl8k0.cloudfront.net/docs/assets/58cba81b2c7d3a79f5f8d1fa/images/58e36d7c2c7d3a52b42f2e9c/file-MMS8mmdq8I.gif]
[help.getkello.com/article/27-does-kello-support-displaying-the-time-in-the-12h-24h-format.html]
[d3eto7onm69fcz.cloudfront.net/assets/stylesheets/launch-1745956758573.css]
[support.getkello.com/index.html]
[support.getkello.com/article/50-how-to-hard-reset-your-kello]
