[help.getkello.com/index.html]
[backblue.gif]
[fade.gif]
[index.html]
[help.getkello.com/article/40-creating-an-alarm-using-spotify-deezer-tidal-soundcloud-or-radio.html]
[help.getkello.com/article/57-i-dont-see-wi-fi-on-my-kello.html]
[help.getkello.com/article/28-when-connecting-my-kello-to-my-wi-fi-network-i-have-an-error.html]
[help.getkello.com/article/72-setup-my-kello-manually.html]
[help.getkello.com/article/68-how-to-enable-multicast-and-upnp-on-my-router.html]
[help.getkello.com/article/37-my-kello-is-completely-unresponsive.html]
[help.getkello.com/article/13-setting-up-your-kello.html]
[help.getkello.com/article/59-how-to-setup-kello-with-ifttt.html]
[help.getkello.com/article/50-how-to-hard-reset-kello.html]
[help.getkello.com/article/36-my-kello-always-displays-the-loading-bar.html]
[help.getkello.com/category/11-troubleshooting.html]
[help.getkello.com/category/9-using-kello.html]
[help.getkello.com/category/10-general-questions.html]
[help.getkello.com/index.html]
[help.getkello.com/article/40-creating-an-alarm-using-spotify-deezer-tidal-soundcloud-or-radio.html]
[help.getkello.com/article/57-i-dont-see-wi-fi-on-my-kello.html]
[help.getkello.com/article/28-when-connecting-my-kello-to-my-wi-fi-network-i-have-an-error.html]
[help.getkello.com/article/72-setup-my-kello-manually.html]
[help.getkello.com/article/68-how-to-enable-multicast-and-upnp-on-my-router.html]
[help.getkello.com/category/49-how-tos.html]
[help.getkello.com/article/getkello.com/contact.e.delayed]
[help.getkello.com/article/37-my-kello-is-completely-unresponsive.html]
[help.getkello.com/article/13-setting-up-your-kello.html]
[help.getkello.com/article/59-how-to-setup-kello-with-ifttt.html]
[help.getkello.com/article/50-how-to-hard-reset-kello.html]
[help.getkello.com/article/51-how-to-perform-an-emergency-usb-update.html]
[help.getkello.com/article/36-my-kello-always-displays-the-loading-bar.html]
[help.getkello.com/article/53-change-the-wi-fi-network-of-your-kello.html]
[help.getkello.com/article/30-my-app-always-displays-looking-for-kello.html]
[help.getkello.com/article/55-the-time-on-my-kello-is-wrong.html]
[help.getkello.com/article/31-my-wi-fi-network-is-not-displayed-in-the-network-list.html]
[help.getkello.com/article/58-my-kello-displays-----bars.html]
[help.getkello.com/article/56-how-do-i-clean-my-kello.html]
[help.getkello.com/article/33-nothing-happens-when-an-alarm-rings-and-i-press-the-snooze-button.html]
[help.getkello.com/article/38-when-setting-up-an-alarm-with-a-spotify-playlist-i-get-an-error.html]
[help.getkello.com/article/73-my-phone-on-the-5ghz-wi-fi-network-does-not-see-kello.html]
[help.getkello.com/category/11-troubleshooting.html]
[help.getkello.com/article/32-the-screen-turns-off-randomly-on-my-kello.html]
[help.getkello.com/article/15-using-kello-buttons.html]
[help.getkello.com/article/61-can-i-setup-my-kello-using-my-computer.html]
[help.getkello.com/article/67-how-can-i-use-kello-with-spotify-connect.html]
[help.getkello.com/article/60-how-can-i-connect-kello-to-a-hidden-wi-fi-network.html]
[help.getkello.com/category/9-using-kello.html]
[help.getkello.com/article/71-how-can-i-change-the-name-of-my-kello.html]
[help.getkello.com/article/22-does-kello-have-batteries.html]
[help.getkello.com/article/18-using-kello-with-another-network.html]
[help.getkello.com/article/26-can-i-change-kellos-time.html]
[help.getkello.com/category/10-general-questions.html]
[help.getkello.com/category/49-how-tos.html]
[help.getkello.com/article/getkello.com/contact.html]
[help.getkello.com/article/51-how-to-perform-an-emergency-usb-update.html]
[help.getkello.com/article/53-change-the-wi-fi-network-of-your-kello.html]
[help.getkello.com/article/30-my-app-always-displays-looking-for-kello.html]
[help.getkello.com/article/55-the-time-on-my-kello-is-wrong.html]
[help.getkello.com/article/31-my-wi-fi-network-is-not-displayed-in-the-network-list.html]
[help.getkello.com/article/58-my-kello-displays-----bars.html]
[help.getkello.com/article/56-how-do-i-clean-my-kello.html]
[help.getkello.com/article/33-nothing-happens-when-an-alarm-rings-and-i-press-the-snooze-button.html]
[help.getkello.com/article/38-when-setting-up-an-alarm-with-a-spotify-playlist-i-get-an-error.html]
[help.getkello.com/article/73-my-phone-on-the-5ghz-wi-fi-network-does-not-see-kello.html]
[help.getkello.com/article/32-the-screen-turns-off-randomly-on-my-kello.html]
[help.getkello.com/article/15-using-kello-buttons.html]
[help.getkello.com/article/61-can-i-setup-my-kello-using-my-computer.html]
[help.getkello.com/article/67-how-can-i-use-kello-with-spotify-connect.html]
[help.getkello.com/article/60-how-can-i-connect-kello-to-a-hidden-wi-fi-network.html]
[help.getkello.com/article/71-how-can-i-change-the-name-of-my-kello.html]
[help.getkello.com/article/22-does-kello-have-batteries.html]
[help.getkello.com/article/18-using-kello-with-another-network.html]
[help.getkello.com/article/26-can-i-change-kellos-time.html]
[help.getkello.com/article/27-does-kello-support-displaying-the-time-in-the-12h-24h-format.html]
[help.getkello.com/article/27-does-kello-support-displaying-the-time-in-the-12h-24h-format.html]
